[2m10.28.41[22m [34m[content][39m Syncing content
[2m10.28.41[22m [34m[content][39m Synced content
[2m10.28.41[22m [34m[types][39m Generated [2m471ms[22m
[2m10.28.41[22m [34m[build][39m output: [34m"static"[39m
[2m10.28.41[22m [34m[build][39m mode: [34m"server"[39m
[2m10.28.41[22m [34m[build][39m directory: [34mC:\Users\Anton\antonebsen.dk\dist\[39m
[2m10.28.41[22m [34m[build][39m adapter: [32m@astrojs/vercel[39m
[2m10.28.41[22m [34m[build][39m Collecting build info...
[2m10.28.41[22m [34m[build][39m [32mÔ£ô Completed in 593ms.[39m
[2m10.28.41[22m [34m[build][39m Building server entrypoints...
[2m10.28.46[22m [34m[vite][39m [32mÔ£ô built in 4.47s[39m
[2m10.28.46[22m [34m[build][39m [32mÔ£ô Completed in 4.50s.[39m

[42m[30m building client (vite) [39m[49m
[2m10.28.46[22m [34m[vite][39m transforming...
[2m10.28.46[22m [34m[vite][39m [32mÔ£ô[39m 12 modules transformed.
node.exe : [31m[1m10.28.46[22m [ERROR] [vite][39m 
[31mÔ£ù[39m Build failed in 98ms
At line:1 char:1
+ & "C:\Program Files\nodejs/node.exe" "C:\Program Fil
es\nodejs/node_mo ...
+ ~~~~~~~~~~~~~~~~~~~~~~~~~~~~~~~~~~~~~~~~~~~~~~~~~~~~
~~~~~~~~~~~~~~~~~
    + CategoryInfo          : NotSpecified: ([31m[1 
   m10.28.... failed in 98ms:String) [], RemoteExcep  
  tion
    + FullyQualifiedErrorId : NativeCommandError
 
Expected ")" but found "catch"
  [1mLocation:[22m
    [4mC:/Users/Anton/antonebsen.dk/src/components/co
mmon/ChatWidget.astro?astro&type=script&index=0&lang.t
s:419:14[24m
  [1mStack trace:[22m
[2m    at failureErrorWithLog (C:\Users\Anton\antoneb
sen.dk\node_modules\esbuild\lib\main.js:1467:15)
    at responseCallbacks.<computed> (C:\Users\Anton\an
tonebsen.dk\node_modules\esbuild\lib\main.js:603:9)
    at Socket.readFromStdout (C:\Users\Anton\antonebse
n.dk\node_modules\esbuild\lib\main.js:581:7)
    at addChunk (node:internal/streams/readable:559:12
)
    at Readable.push (node:internal/streams/readable:3
90:5)[22m
